T G G - - C A - - - G T G G T A A - T - C - - -
T G G G - C A - - - G C G G T A A - T - C - - -
T G G G - C A A - - G C G G T A A - T - C - - -
T G G G - C A C - - G T G G T A A - T - C - - -
T G G G - C A C C C G T G G T A A - T - C - - -
T G G G G C A - - - G C G G T A - - T - C - - -
T G G G - C A - - - G T G G T A A A T - C - - -
T G G - - C A - - - G T G G T A A - T - C - - -
T G G - - C A - - - G T G G T A A A T - C - - -
T G G - - C A - - - G T G G T A A - - - C - - -
T G G - - C A - - - G T G G T A - - - - C - - -
T G G G - C A C C C G T G G T A A A T - C - - -
* * * * * C A - - - G T G G T A A - T - C A A A