A - G C G G T A A T - C * * *
A - G C G G T A A T - C * * *
A - G C G G T A - T - C * * *
A A G C G G T A A T - C * * *
A - G C G G T A A T - C * * *
A - G C G - T A A T - C * * *
A - G C G - T A A T A C * * *