A - - - G T G G T A A - T C - - -
A - - - G C G G T A A - T C - - -
A A - - G C G G T A A - T C - - -
A C - - G T G G T A A - T C - - -
A C C C G T G G T A A - T C - - -
A - - - G C G G T A - - T C - - -
A - - - G T G G T A A A T C - - -
A - - - G T G G T A A - T C - - -
A - - - G T G G T A A A T C - - -
A - - - G T G G T A A - - C - - -
A - - - G T G G T A - - - C - - -
A C C C G T G G T A A A T C - - -
A - - - G T G G T A A - T C A A A