17 0 0 0 17 17 17 17 17 17 17 0 17 17 0 0 0
17 0 0 0 17 17 17 17 17 17 17 0 17 17 0 0 0
255 0 0 0 255 255 255 255 255 255 255 0 255 255 0 0 0
255 0 0 0 255 255 255 255 255 255 255 0 255 255 0 0 0
255 0 0 0 255 255 255 255 255 255 255 0 255 255 0 0 0
255 0 0 0 255 255 255 255 255 255 255 0 255 255 0 0 0
255 0 0 0 255 255 255 255 255 255 255 0 255 255 0 0 0
255 0 0 0 255 255 255 255 255 255 255 0 255 255 0 0 0
255 0 0 0 255 255 255 255 255 255 255 0 255 255 0 0 0
255 0 0 0 255 255 255 255 255 255 255 0 255 255 0 0 0
255 0 0 0 255 255 255 255 255 255 255 0 255 255 0 0 0
255 0 0 0 255 255 255 255 255 255 255 0 255 255 0 0 0
255 0 0 0 255 255 255 255 255 255 255 0 255 255 0 0 0